1: importing torch...
2: torch OK
3: importing DistilBertModel...
